E0813 10:23:08.137405     305 cuda_executor.cc:1176] [0] Failed to allocate device memory of 5.97GiB (6410993664 bytes): RESOURCE_EXHAUSTED: : CUDA_ERROR_OUT_OF_MEMORY: out of memory
=== Source Location Trace: ===
external/xla/xla/stream_executor/cuda/cuda_status.cc:45
external/xla/xla/stream_executor/cuda/cuda_device_allocator.cc:226
external/xla/xla/stream_executor/cuda/cuda_device_allocator.cc:403

E0813 10:23:08.138606     305 cuda_executor.cc:1176] [0] Failed to allocate device memory of 5.37GiB (5769894400 bytes): RESOURCE_EXHAUSTED: : CUDA_ERROR_OUT_OF_MEMORY: out of memory
=== Source Location Trace: ===
external/xla/xla/stream_executor/cuda/cuda_status.cc:45
external/xla/xla/stream_executor/cuda/cuda_device_allocator.cc:226
external/xla/xla/stream_executor/cuda/cuda_device_allocator.cc:403

E0813 10:23:08.139638     305 cuda_executor.cc:1176] [0] Failed to allocate device memory of 4.84GiB (5192904704 bytes): RESOURCE_EXHAUSTED: : CUDA_ERROR_OUT_OF_MEMORY: out of memory
=== Source Location Trace: ===
external/xla/xla/stream_executor/cuda/cuda_status.cc:45
external/xla/xla/stream_executor/cuda/cuda_device_allocator.cc:226
external/xla/xla/stream_executor/cuda/cuda_device_allocator.cc:403

E0813 10:23:08.140612     305 cuda_executor.cc:1176] [0] Failed to allocate device memory of 4.35GiB (4673614336 bytes): RESOURCE_EXHAUSTED: : CUDA_ERROR_OUT_OF_MEMORY: out of memory
=== Source Location Trace: ===
external/xla/xla/stream_executor/cuda/cuda_status.cc:45
external/xla/xla/stream_executor/cuda/cuda_device_allocator.cc:226
external/xla/xla/stream_executor/cuda/cuda_device_allocator.cc:403

training on 200 examples, seq_len 2048
LoRA rank 16 on 10 weight groups (compiling...)
epoch 1/3  step 1/75  loss 2.9320
epoch 1/3  step 2/75  loss 2.9869
epoch 1/3  step 3/75  loss 2.8410
epoch 1/3  step 4/75  loss 2.7615
epoch 1/3  step 5/75  loss 2.8675
epoch 1/3  step 6/75  loss 2.8291
epoch 1/3  step 7/75  loss 2.8054
epoch 1/3  step 8/75  loss 2.8342
epoch 1/3  step 9/75  loss 2.8780
epoch 1/3  step 10/75  loss 2.8094
epoch 1/3  step 11/75  loss 2.7777
epoch 1/3  step 12/75  loss 2.7687
epoch 1/3  step 13/75  loss 2.8623
epoch 1/3  step 14/75  loss 2.8392
epoch 1/3  step 15/75  loss 2.7989
epoch 1/3  step 16/75  loss 2.6898
epoch 1/3  step 17/75  loss 2.8341
epoch 1/3  step 18/75  loss 2.8109
epoch 1/3  step 19/75  loss 2.8368
epoch 1/3  step 20/75  loss 2.7972
epoch 1/3  step 21/75  loss 2.8296
epoch 1/3  step 22/75  loss 2.6914
epoch 1/3  step 23/75  loss 2.7907
epoch 1/3  step 24/75  loss 2.6753
epoch 1/3  step 25/75  loss 2.8227
epoch 1/3  loss 2.8227
epoch 2/3  step 26/75  loss 2.7002
epoch 2/3  step 27/75  loss 2.7751
epoch 2/3  step 28/75  loss 2.8087
epoch 2/3  step 29/75  loss 2.8334
epoch 2/3  step 30/75  loss 2.7381
epoch 2/3  step 31/75  loss 2.7579
epoch 2/3  step 32/75  loss 2.5966
epoch 2/3  step 33/75  loss 2.7651
epoch 2/3  step 34/75  loss 2.5939
epoch 2/3  step 35/75  loss 2.7190
epoch 2/3  step 36/75  loss 2.7149
epoch 2/3  step 37/75  loss 2.7218
epoch 2/3  step 38/75  loss 2.7118
epoch 2/3  step 39/75  loss 2.6239
epoch 2/3  step 40/75  loss 2.7003
epoch 2/3  step 41/75  loss 2.6658
epoch 2/3  step 42/75  loss 2.6968
epoch 2/3  step 43/75  loss 2.6271
epoch 2/3  step 44/75  loss 2.6515
epoch 2/3  step 45/75  loss 2.6565
epoch 2/3  step 46/75  loss 2.6809
epoch 2/3  step 47/75  loss 2.5921
epoch 2/3  step 48/75  loss 2.6144
epoch 2/3  step 49/75  loss 2.6130
epoch 2/3  step 50/75  loss 2.5441
epoch 2/3  loss 2.5441
epoch 3/3  step 51/75  loss 2.6349
epoch 3/3  step 52/75  loss 2.5198
epoch 3/3  step 53/75  loss 2.5131
epoch 3/3  step 54/75  loss 2.4920
epoch 3/3  step 55/75  loss 2.6575
epoch 3/3  step 56/75  loss 2.6429
epoch 3/3  step 57/75  loss 2.5617
epoch 3/3  step 58/75  loss 2.5321
epoch 3/3  step 59/75  loss 2.5540
epoch 3/3  step 60/75  loss 2.4521
epoch 3/3  step 61/75  loss 2.5686
epoch 3/3  step 62/75  loss 2.5625
epoch 3/3  step 63/75  loss 2.5254
epoch 3/3  step 64/75  loss 2.5648
epoch 3/3  step 65/75  loss 2.4495
epoch 3/3  step 66/75  loss 2.5421
epoch 3/3  step 67/75  loss 2.4550
epoch 3/3  step 68/75  loss 2.4927
epoch 3/3  step 69/75  loss 2.5056
epoch 3/3  step 70/75  loss 2.5926
epoch 3/3  step 71/75  loss 2.4868
epoch 3/3  step 72/75  loss 2.5059
epoch 3/3  step 73/75  loss 2.4827
epoch 3/3  step 74/75  loss 2.5354
epoch 3/3  step 75/75  loss 2.5036
epoch 3/3  loss 2.5036
saved LoRA adapter -> /mnt/c/Users/Echer/M.U.S.E/Training/Needle/EB_World_Architect/rung_0250/runs/run_004/adapter.pkl
merge + export with: needle build /mnt/c/Users/Echer/M.U.S.E/third_party/needle/checkpoints/needle2.pkl --lora /mnt/c/Users/Echer/M.U.S.E/Training/Needle/EB_World_Architect/rung_0250/runs/run_004/adapter.pkl
