E0813 11:27:47.777371     307 cuda_executor.cc:1176] [0] Failed to allocate device memory of 5.97GiB (6410993664 bytes): RESOURCE_EXHAUSTED: : CUDA_ERROR_OUT_OF_MEMORY: out of memory
=== Source Location Trace: ===
external/xla/xla/stream_executor/cuda/cuda_status.cc:45
external/xla/xla/stream_executor/cuda/cuda_device_allocator.cc:226
external/xla/xla/stream_executor/cuda/cuda_device_allocator.cc:403

E0813 11:27:47.778246     307 cuda_executor.cc:1176] [0] Failed to allocate device memory of 5.37GiB (5769894400 bytes): RESOURCE_EXHAUSTED: : CUDA_ERROR_OUT_OF_MEMORY: out of memory
=== Source Location Trace: ===
external/xla/xla/stream_executor/cuda/cuda_status.cc:45
external/xla/xla/stream_executor/cuda/cuda_device_allocator.cc:226
external/xla/xla/stream_executor/cuda/cuda_device_allocator.cc:403

E0813 11:27:47.779000     307 cuda_executor.cc:1176] [0] Failed to allocate device memory of 4.84GiB (5192904704 bytes): RESOURCE_EXHAUSTED: : CUDA_ERROR_OUT_OF_MEMORY: out of memory
=== Source Location Trace: ===
external/xla/xla/stream_executor/cuda/cuda_status.cc:45
external/xla/xla/stream_executor/cuda/cuda_device_allocator.cc:226
external/xla/xla/stream_executor/cuda/cuda_device_allocator.cc:403

E0813 11:27:47.779717     307 cuda_executor.cc:1176] [0] Failed to allocate device memory of 4.35GiB (4673614336 bytes): RESOURCE_EXHAUSTED: : CUDA_ERROR_OUT_OF_MEMORY: out of memory
=== Source Location Trace: ===
external/xla/xla/stream_executor/cuda/cuda_status.cc:45
external/xla/xla/stream_executor/cuda/cuda_device_allocator.cc:226
external/xla/xla/stream_executor/cuda/cuda_device_allocator.cc:403

training on 200 examples, seq_len 2048
LoRA rank 16 on 10 weight groups (compiling...)
epoch 1/1  step 1/25  loss 2.9401
epoch 1/1  step 2/25  loss 2.9834
epoch 1/1  step 3/25  loss 2.8744
epoch 1/1  step 4/25  loss 2.8852
epoch 1/1  step 5/25  loss 2.7846
epoch 1/1  step 6/25  loss 2.9855
epoch 1/1  step 7/25  loss 2.8783
epoch 1/1  step 8/25  loss 2.8382
epoch 1/1  step 9/25  loss 2.8125
epoch 1/1  step 10/25  loss 2.8602
epoch 1/1  step 11/25  loss 2.7295
epoch 1/1  step 12/25  loss 2.7488
epoch 1/1  step 13/25  loss 2.9545
epoch 1/1  step 14/25  loss 2.7144
epoch 1/1  step 15/25  loss 2.7865
epoch 1/1  step 16/25  loss 2.7472
epoch 1/1  step 17/25  loss 2.7277
epoch 1/1  step 18/25  loss 2.7254
epoch 1/1  step 19/25  loss 2.5513
epoch 1/1  step 20/25  loss 2.7422
epoch 1/1  step 21/25  loss 2.6745
epoch 1/1  step 22/25  loss 2.8366
epoch 1/1  step 23/25  loss 2.7922
epoch 1/1  step 24/25  loss 2.5709
epoch 1/1  step 25/25  loss 2.6339
epoch 1/1  loss 2.6339
saved LoRA adapter -> /mnt/c/Users/Echer/M.U.S.E/Training/Needle/EB_World_Architect/rung_0250/runs/run_006/adapter.pkl
merge + export with: needle build /mnt/c/Users/Echer/M.U.S.E/third_party/needle/checkpoints/needle2.pkl --lora /mnt/c/Users/Echer/M.U.S.E/Training/Needle/EB_World_Architect/rung_0250/runs/run_006/adapter.pkl
